// Vitest Snapshot v1

exports[`Table > should render Table 1`] = `
<body>
  <div>
    <div
      class="h-full flex-1 rounded-lg overflow-hidden bg-slate-50"
    >
      waiting....
    </div>
    <!--&lt;Table&gt;-->
  </div>
</body>
`;
