// Vitest Snapshot v1

exports[`Slider > should render Slider 1`] = `
<body>
  <div>
    <div
      class="bg-violet-50 p-2 rounded-lg w-fit"
    >
      <div
        class="flex flex-col"
      >
        <div
          class="-ml-2 px-2 w-full"
        >
          <p
            class="text-sm text-purple-500"
            style="margin-left: 13%"
          >
            13
          </p>
        </div>
         
        <input
          class="accent-purple-500"
          max="100"
          min="0"
          step="1"
          type="range"
        />
        <!--&lt;Range&gt;-->
         
        <div
          class="flex"
        >
          <div
            class="flex-1 text-sm text-purple-400"
          >
            0
          </div>
           
          <div
            class="flex-1 text-sm text-purple-400 text-right"
          >
            100
          </div>
        </div>
      </div>
    </div>
    <!--&lt;Slider&gt;-->
  </div>
</body>
`;
