// Vitest Snapshot v1

exports[`Checkbox > should render checkbox 1`] = `
<body>
  <div>
    <div
      class=""
    >
      <label
        class="text-sm font-medium block text-gray-900 dark:text-gray-300 flex items-center"
      >
        <input
          class="w-4 h-4 bg-gray-100 border-gray-300 dark:ring-offset-gray-800 focus:ring-2 mr-2 dark:bg-gray-700 dark:border-gray-600 rounded text-red-600 focus:ring-red-500 dark:focus:ring-red-600"
          type="checkbox"
          value=""
        />
      </label>
      
      <!--&lt;Label&gt;-->
      <!--&lt;Checkbox&gt;-->
    </div>
    <!--&lt;Checkbox&gt;-->
  </div>
</body>
`;
